// Jest Snapshot v1, https://goo.gl/fbAQLP

exports[`rendering tests should render lists of channels succesfully 1`] = `
<RNCSafeAreaView
  edges={
    Array [
      "left",
      "right",
    ]
  }
  style={
    Array [
      Object {
        "display": "flex",
        "flex": 1,
        "marginHorizontal": 16,
      },
      undefined,
    ]
  }
>
  <RCTScrollView
    data={
      Array [
        Object {
          "data": Array [],
          "renderItem": [Function],
          "title": "Omat kanavat",
        },
        Object {
          "data": Array [],
          "renderItem": [Function],
          "title": "Suositellut kanavat",
        },
      ]
    }
    disableVirtualization={false}
    getItem={[Function]}
    getItemCount={[Function]}
    horizontal={false}
    initialNumToRender={10}
    keyExtractor={[Function]}
    maxToRenderPerBatch={10}
    onContentSizeChange={[Function]}
    onEndReachedThreshold={2}
    onLayout={[Function]}
    onMomentumScrollEnd={[Function]}
    onScroll={[Function]}
    onScrollBeginDrag={[Function]}
    onScrollEndDrag={[Function]}
    renderItem={[Function]}
    scrollEventThrottle={50}
    showsHorizontalScrollIndicator={false}
    showsVerticalScrollIndicator={false}
    stickyHeaderIndices={Array []}
    style={
      Object {
        "marginTop": 8,
      }
    }
    testID="channels-list"
    updateCellsBatchingPeriod={50}
    windowSize={21}
  >
    <View>
      <View
        onLayout={[Function]}
        style={null}
      >
        <Text
          style={
            Array [
              Object {
                "fontSize": 13,
                "fontWeight": "bold",
              },
              Object {
                "marginBottom": 8,
                "marginTop": 16,
              },
            ]
          }
          testID="subheader"
        >
          Omat kanavat
        </Text>
      </View>
      <View
        onLayout={[Function]}
        style={null}
      />
      <View
        onLayout={[Function]}
        style={null}
      >
        <Text
          style={
            Array [
              Object {
                "fontSize": 13,
                "fontWeight": "bold",
              },
              Object {
                "marginBottom": 8,
                "marginTop": 16,
              },
            ]
          }
          testID="subheader"
        >
          Suositellut kanavat
        </Text>
      </View>
      <View
        onLayout={[Function]}
        style={null}
      />
      <View
        style={
          Object {
            "height": 0,
          }
        }
      />
    </View>
  </RCTScrollView>
</RNCSafeAreaView>
`;

exports[`rendering tests should show loading indicator when data is initially loaded 1`] = `
<RNCSafeAreaView
  edges={
    Array [
      "left",
      "right",
    ]
  }
  style={
    Array [
      Object {
        "display": "flex",
        "flex": 1,
        "marginHorizontal": 16,
      },
      undefined,
    ]
  }
>
  <Text
    style={
      Object {
        "textAlign": "center",
        "textAlignVertical": "center",
      }
    }
  >
    Loading
  </Text>
</RNCSafeAreaView>
`;
